Component: ARM Compiler 5.06 update 6 (build 750) Tool: armlink [4d35ed]

==============================================================================

Section Cross References

    moteurs.o(.text) refers to rk_config_moteur.o(.text) for MOTEUR_INIT
    simonsays.o(.text) refers (Special) to rk_config_moteur.o(.text) for MOTEUR_DROIT_ARRIERE
    simonsays.o(.text) refers (Special) to config_switch.o(.text) for READ_STATE_SW1
    simonsays.o(.text) refers to led.o(.text) for CLIGNOTE2
    simonsays.o(.text) refers to simonsays.o(constants) for SEQUENCE
    simonsays.o(.text) refers to moteurs.o(.text) for DANSE
    simonsays.o(constants) refers (Special) to rk_config_moteur.o(.text) for MOTEUR_DROIT_ARRIERE
    simonsays.o(constants) refers (Special) to config_switch.o(.text) for READ_STATE_SW1
    startup_armcm3.o(RESET) refers to startup_armcm3.o(STACK) for __initial_sp
    startup_armcm3.o(RESET) refers to startup_armcm3.o(.text) for Reset_Handler
    startup_armcm3.o(.text) refers to system_armcm3.o(i.SystemInit) for SystemInit
    startup_armcm3.o(.text) refers to simonsays.o(.text) for __main
    system_armcm3.o(i.SystemCoreClockUpdate) refers to system_armcm3.o(.data) for SystemCoreClock
    system_armcm3.o(i.SystemInit) refers to startup_armcm3.o(RESET) for __Vectors
    system_armcm3.o(i.SystemInit) refers to system_armcm3.o(.data) for SystemCoreClock


==============================================================================

Removing Unused input sections from the image.

    Removing startup_armcm3.o(HEAP), (3072 bytes).
    Removing system_armcm3.o(.rev16_text), (4 bytes).
    Removing system_armcm3.o(.revsh_text), (4 bytes).
    Removing system_armcm3.o(.rrx_text), (6 bytes).
    Removing system_armcm3.o(i.SystemCoreClockUpdate), (16 bytes).

5 unused section(s) (total 3102 bytes) removed from the image.

==============================================================================

Image Symbol Table

    Local Symbols

    Symbol Name                              Value     Ov Type        Size  Object(Section)

    RESET                                    0x00000000   Section      960  startup_armcm3.o(RESET)
    ..\..\Downloads\RK_Config_Moteur.s       0x00000000   Number         0  rk_config_moteur.o ABSOLUTE
    Config_switch.s                          0x00000000   Number         0  config_switch.o ABSOLUTE
    Led.s                                    0x00000000   Number         0  led.o ABSOLUTE
    Moteurs.s                                0x00000000   Number         0  moteurs.o ABSOLUTE
    RTE/Device/ARMCM3/startup_ARMCM3.s       0x00000000   Number         0  startup_armcm3.o ABSOLUTE
    RTE/Device/ARMCM3/system_ARMCM3.c        0x00000000   Number         0  system_armcm3.o ABSOLUTE
    RTE\Device\ARMCM3\system_ARMCM3.c        0x00000000   Number         0  system_armcm3.o ABSOLUTE
    simonSays.s                              0x00000000   Number         0  simonsays.o ABSOLUTE
    .text                                    0x000003c0   Section       52  moteurs.o(.text)
    .text                                    0x000003f4   Section      404  led.o(.text)
    .text                                    0x00000588   Section      252  simonsays.o(.text)
    .text                                    0x00000684   Section       96  config_switch.o(.text)
    .text                                    0x000006e4   Section      484  rk_config_moteur.o(.text)
    .text                                    0x000008c8   Section       56  startup_armcm3.o(.text)
    i.SystemInit                             0x00000900   Section        0  system_armcm3.o(i.SystemInit)
    constants                                0x00000920   Section        5  simonsays.o(constants)
    SEQUENCE                                 0x00000920   Data           5  simonsays.o(constants)
    .data                                    0x20000000   Section        4  system_armcm3.o(.data)
    STACK                                    0x20000008   Section     1024  startup_armcm3.o(STACK)

    Global Symbols

    Symbol Name                              Value     Ov Type        Size  Object(Section)

    BuildAttributes$$THM_ISAv4$P$D$K$B$S$PE$A:L22UL41UL21$X:L11$S22US41US21$IEEE1$IW$USESV6$~STKCKD$USESV7$~SHL$OSPACE$EBA8$MICROLIB$REQ8$EABIv2 0x00000000   Number         0  anon$$obj.o ABSOLUTE
    __Vectors                                0x00000000   Data           4  startup_armcm3.o(RESET)
    DANSE                                    0x000003c1   Thumb Code     0  moteurs.o(.text)
    __Vectors_End                            0x000003c0   Data           0  startup_armcm3.o(RESET)
    __Vectors_Size                           0x000003c0   Number         0  startup_armcm3.o ABSOLUTE
    CLIGNOTE2                                0x000003f5   Thumb Code     0  led.o(.text)
    CLIGNOTE3                                0x00000459   Thumb Code     0  led.o(.text)
    CLIGNOTED                                0x000004bd   Thumb Code     0  led.o(.text)
    CLIGNOTEG                                0x00000513   Thumb Code     0  led.o(.text)
    __main                                   0x00000589   Thumb Code     0  simonsays.o(.text)
    CONFIG_SWITCH                            0x00000685   Thumb Code     0  config_switch.o(.text)
    READ_STATE_SW1                           0x000006a9   Thumb Code     0  config_switch.o(.text)
    READ_STATE_SW2                           0x000006bd   Thumb Code     0  config_switch.o(.text)
    MOTEUR_INIT                              0x000006e5   Thumb Code     0  rk_config_moteur.o(.text)
    MOTEUR_DROIT_ON                          0x000007e9   Thumb Code     0  rk_config_moteur.o(.text)
    MOTEUR_DROIT_OFF                         0x000007f5   Thumb Code     0  rk_config_moteur.o(.text)
    MOTEUR_GAUCHE_ON                         0x00000801   Thumb Code     0  rk_config_moteur.o(.text)
    MOTEUR_GAUCHE_OFF                        0x0000080d   Thumb Code     0  rk_config_moteur.o(.text)
    MOTEUR_DROIT_ARRIERE                     0x00000819   Thumb Code     0  rk_config_moteur.o(.text)
    MOTEUR_DROIT_AVANT                       0x00000823   Thumb Code     0  rk_config_moteur.o(.text)
    MOTEUR_GAUCHE_ARRIERE                    0x0000082d   Thumb Code     0  rk_config_moteur.o(.text)
    MOTEUR_GAUCHE_AVANT                      0x00000837   Thumb Code     0  rk_config_moteur.o(.text)
    MOTEUR_DROIT_INVERSE                     0x00000841   Thumb Code     0  rk_config_moteur.o(.text)
    MOTEUR_GAUCHE_INVERSE                    0x0000084d   Thumb Code     0  rk_config_moteur.o(.text)
    Reset_Handler                            0x000008c9   Thumb Code     8  startup_armcm3.o(.text)
    HardFault_Handler                        0x000008d1   Thumb Code     2  startup_armcm3.o(.text)
    NMI_Handler                              0x000008d3   Thumb Code     2  startup_armcm3.o(.text)
    MemManage_Handler                        0x000008d5   Thumb Code     2  startup_armcm3.o(.text)
    BusFault_Handler                         0x000008d7   Thumb Code     2  startup_armcm3.o(.text)
    UsageFault_Handler                       0x000008d9   Thumb Code     2  startup_armcm3.o(.text)
    SVC_Handler                              0x000008db   Thumb Code     2  startup_armcm3.o(.text)
    DebugMon_Handler                         0x000008dd   Thumb Code     2  startup_armcm3.o(.text)
    PendSV_Handler                           0x000008df   Thumb Code     2  startup_armcm3.o(.text)
    SysTick_Handler                          0x000008e1   Thumb Code     2  startup_armcm3.o(.text)
    Interrupt0_Handler                       0x000008e3   Thumb Code     2  startup_armcm3.o(.text)
    Interrupt1_Handler                       0x000008e5   Thumb Code     2  startup_armcm3.o(.text)
    Interrupt2_Handler                       0x000008e7   Thumb Code     2  startup_armcm3.o(.text)
    Interrupt3_Handler                       0x000008e9   Thumb Code     2  startup_armcm3.o(.text)
    Interrupt4_Handler                       0x000008eb   Thumb Code     2  startup_armcm3.o(.text)
    Interrupt5_Handler                       0x000008ed   Thumb Code     2  startup_armcm3.o(.text)
    Interrupt6_Handler                       0x000008ef   Thumb Code     2  startup_armcm3.o(.text)
    Interrupt7_Handler                       0x000008f1   Thumb Code     2  startup_armcm3.o(.text)
    Interrupt8_Handler                       0x000008f3   Thumb Code     2  startup_armcm3.o(.text)
    Interrupt9_Handler                       0x000008f5   Thumb Code     2  startup_armcm3.o(.text)
    SystemInit                               0x00000901   Thumb Code    14  system_armcm3.o(i.SystemInit)
    SystemCoreClock                          0x20000000   Data           4  system_armcm3.o(.data)
    __stack_limit                            0x20000008   Data           0  startup_armcm3.o(STACK)
    __initial_sp                             0x20000408   Data           0  startup_armcm3.o(STACK)



==============================================================================

Memory Map of the image

  Image Entry point : 0x000008c9

  Load Region LR_1 (Base: 0x00000000, Size: 0x0000092c, Max: 0xffffffff, ABSOLUTE)

    Execution Region ER_RO (Exec base: 0x00000000, Load base: 0x00000000, Size: 0x00000928, Max: 0xffffffff, ABSOLUTE)

    Exec Addr    Load Addr    Size         Type   Attr      Idx    E Section Name        Object

    0x00000000   0x00000000   0x000003c0   Data   RO           21    RESET               startup_armcm3.o
    0x000003c0   0x000003c0   0x00000034   Code   RO            1  * .text               moteurs.o
    0x000003f4   0x000003f4   0x00000194   Code   RO            6  * .text               led.o
    0x00000588   0x00000588   0x000000fc   Code   RO            9  * .text               simonsays.o
    0x00000684   0x00000684   0x00000060   Code   RO           13  * .text               config_switch.o
    0x000006e4   0x000006e4   0x000001e4   Code   RO           16  * .text               rk_config_moteur.o
    0x000008c8   0x000008c8   0x00000038   Code   RO           22  * .text               startup_armcm3.o
    0x00000900   0x00000900   0x00000020   Code   RO           30    i.SystemInit        system_armcm3.o
    0x00000920   0x00000920   0x00000005   Data   RO           10    constants           simonsays.o


    Execution Region ER_RW (Exec base: 0x20000000, Load base: 0x00000928, Size: 0x00000004, Max: 0xffffffff, ABSOLUTE)

    Exec Addr    Load Addr    Size         Type   Attr      Idx    E Section Name        Object

    0x20000000   0x00000928   0x00000004   Data   RW           31    .data               system_armcm3.o


    Execution Region ER_ZI (Exec base: 0x20000004, Load base: 0x0000092c, Size: 0x00000404, Max: 0xffffffff, ABSOLUTE)

    Exec Addr    Load Addr    Size         Type   Attr      Idx    E Section Name        Object

    0x20000004   0x0000092c   0x00000004   PAD
    0x20000008        -       0x00000400   Zero   RW           19    STACK               startup_armcm3.o


==============================================================================

Image component sizes


      Code (inc. data)   RO Data    RW Data    ZI Data      Debug   Object Name

        96         20          0          0          0        252   config_switch.o
       404         32          0          0          0        328   led.o
        52          4          0          0          0        260   moteurs.o
       484        112          0          0          0        416   rk_config_moteur.o
       252         30          5          0          0        300   simonsays.o
        56         10        960          0       1024       1172   startup_armcm3.o
        32         18          0          4          0       5171   system_armcm3.o

    ----------------------------------------------------------------------
      1376        226        968          4       1028       7899   Object Totals
         0          0          0          0          0          0   (incl. Generated)
         0          0          3          0          4          0   (incl. Padding)

    ----------------------------------------------------------------------
         0          0          0          0          0          0   Library Totals
         0          0          0          0          0          0   (incl. Padding)

    ----------------------------------------------------------------------

==============================================================================


      Code (inc. data)   RO Data    RW Data    ZI Data      Debug   

      1376        226        968          4       1028       7899   Grand Totals
      1376        226        968          4       1028       7899   ELF Image Totals
      1376        226        968          4          0          0   ROM Totals

==============================================================================

    Total RO  Size (Code + RO Data)                 2344 (   2.29kB)
    Total RW  Size (RW Data + ZI Data)              1032 (   1.01kB)
    Total ROM Size (Code + RO Data + RW Data)       2348 (   2.29kB)

==============================================================================

